------------------------------------------------------------
Timing Analyzer Summary
------------------------------------------------------------

Type  : Slow 1200mV 85C Model Setup 'BitShift:bitshift|rState_Q.010'
Slack : -6.909
TNS   : -96.655

Type  : Slow 1200mV 85C Model Setup 'BitShift:bitshift|rFrec_D[0]'
Slack : -5.495
TNS   : -66.388

Type  : Slow 1200mV 85C Model Setup 'iClk'
Slack : -2.196
TNS   : -50.757

Type  : Slow 1200mV 85C Model Setup 'BitShift:bitshift|rState_Q.011'
Slack : -1.588
TNS   : -23.984

Type  : Slow 1200mV 85C Model Hold 'iClk'
Slack : -0.762
TNS   : -2.468

Type  : Slow 1200mV 85C Model Hold 'BitShift:bitshift|rFrec_D[0]'
Slack : -0.160
TNS   : -0.630

Type  : Slow 1200mV 85C Model Hold 'BitShift:bitshift|rState_Q.011'
Slack : 1.062
TNS   : 0.000

Type  : Slow 1200mV 85C Model Hold 'BitShift:bitshift|rState_Q.010'
Slack : 1.223
TNS   : 0.000

Type  : Slow 1200mV 85C Model Minimum Pulse Width 'iClk'
Slack : -3.000
TNS   : -75.956

Type  : Slow 1200mV 85C Model Minimum Pulse Width 'BitShift:bitshift|rFrec_D[0]'
Slack : 0.447
TNS   : 0.000

Type  : Slow 1200mV 85C Model Minimum Pulse Width 'BitShift:bitshift|rState_Q.010'
Slack : 0.451
TNS   : 0.000

Type  : Slow 1200mV 85C Model Minimum Pulse Width 'BitShift:bitshift|rState_Q.011'
Slack : 0.456
TNS   : 0.000

Type  : Slow 1200mV 0C Model Setup 'BitShift:bitshift|rState_Q.010'
Slack : -6.321
TNS   : -89.258

Type  : Slow 1200mV 0C Model Setup 'BitShift:bitshift|rFrec_D[0]'
Slack : -5.045
TNS   : -61.363

Type  : Slow 1200mV 0C Model Setup 'iClk'
Slack : -1.938
TNS   : -42.900

Type  : Slow 1200mV 0C Model Setup 'BitShift:bitshift|rState_Q.011'
Slack : -1.470
TNS   : -22.306

Type  : Slow 1200mV 0C Model Hold 'iClk'
Slack : -0.702
TNS   : -2.280

Type  : Slow 1200mV 0C Model Hold 'BitShift:bitshift|rFrec_D[0]'
Slack : -0.161
TNS   : -0.732

Type  : Slow 1200mV 0C Model Hold 'BitShift:bitshift|rState_Q.011'
Slack : 1.080
TNS   : 0.000

Type  : Slow 1200mV 0C Model Hold 'BitShift:bitshift|rState_Q.010'
Slack : 1.089
TNS   : 0.000

Type  : Slow 1200mV 0C Model Minimum Pulse Width 'iClk'
Slack : -3.000
TNS   : -75.956

Type  : Slow 1200mV 0C Model Minimum Pulse Width 'BitShift:bitshift|rFrec_D[0]'
Slack : 0.289
TNS   : 0.000

Type  : Slow 1200mV 0C Model Minimum Pulse Width 'BitShift:bitshift|rState_Q.010'
Slack : 0.360
TNS   : 0.000

Type  : Slow 1200mV 0C Model Minimum Pulse Width 'BitShift:bitshift|rState_Q.011'
Slack : 0.455
TNS   : 0.000

Type  : Fast 1200mV 0C Model Setup 'BitShift:bitshift|rState_Q.010'
Slack : -2.458
TNS   : -37.006

Type  : Fast 1200mV 0C Model Setup 'BitShift:bitshift|rFrec_D[0]'
Slack : -1.891
TNS   : -25.111

Type  : Fast 1200mV 0C Model Setup 'iClk'
Slack : -0.614
TNS   : -9.414

Type  : Fast 1200mV 0C Model Setup 'BitShift:bitshift|rState_Q.011'
Slack : -0.376
TNS   : -5.335

Type  : Fast 1200mV 0C Model Hold 'BitShift:bitshift|rFrec_D[0]'
Slack : -0.083
TNS   : -0.094

Type  : Fast 1200mV 0C Model Hold 'iClk'
Slack : -0.075
TNS   : -0.101

Type  : Fast 1200mV 0C Model Hold 'BitShift:bitshift|rState_Q.010'
Slack : 0.528
TNS   : 0.000

Type  : Fast 1200mV 0C Model Hold 'BitShift:bitshift|rState_Q.011'
Slack : 0.678
TNS   : 0.000

Type  : Fast 1200mV 0C Model Minimum Pulse Width 'iClk'
Slack : -3.000
TNS   : -56.608

Type  : Fast 1200mV 0C Model Minimum Pulse Width 'BitShift:bitshift|rFrec_D[0]'
Slack : 0.308
TNS   : 0.000

Type  : Fast 1200mV 0C Model Minimum Pulse Width 'BitShift:bitshift|rState_Q.010'
Slack : 0.363
TNS   : 0.000

Type  : Fast 1200mV 0C Model Minimum Pulse Width 'BitShift:bitshift|rState_Q.011'
Slack : 0.390
TNS   : 0.000

------------------------------------------------------------
